Shape handler 1.0 :
OK
OK
OK
OK
S s0 0 0 10 10
S s1 14 15 -7 2
S s2 8 -20 -78 -5
S s3 -7 5 -1 4

OK
S s3 -7 5 -1 4

ERR
#name not used
S s3 -7 5 -1 4

OK

